<html>
<body>
<pre>
<h1>µVision Build Log</h1>
<h2>Tool Versions:</h2>
IDE-Version: µVision V5.16a
Copyright (C) 2015 ARM Ltd and ARM Germany GmbH. All rights reserved.
License Information: Ii Iui, nzrkrr, LIC=7YKHL-0XKYH-SDYK4-FSZQM-6AJNW-ADD2B
 
Tool Versions:
Toolchain:       MDK-ARM Professional  Version: 5.16a
Toolchain Path:  C:\Keil_v5\ARM\ARMCC\Bin
C Compiler:      Armcc.exe V5.06 (build 20)
Assembler:       Armasm.exe V5.06 (build 20)
Linker/Locator:  ArmLink.exe V5.06 (build 20)
Library Manager: ArmAr.exe V5.06 (build 20)
Hex Converter:   FromElf.exe V5.06 (build 20)
CPU DLL:         SARMCM3.DLL V5.16a
Dialog DLL:      DCM.DLL V1.13.2.0
Target DLL:      CMSIS_AGDI.dll V1.21.20.0
Dialog DLL:      TCM.DLL V1.14.5.0
 
<h2>Project:</h2>
C:\Freescale\Freescale_MQX_4_2\rtcs\examples\eth_to_serial\build\uv4\eth_to_serial_frdmk64f\eth_to_serial_frdmk64f.uvprojx
Project File Date:  04/29/2015

<h2>Output:</h2>
*** Using Compiler 'V5.06 (build 20)', folder: 'C:\Keil_v5\ARM\ARMCC\Bin'
Build Project 'eth_to_serial_frdmk64f' - Target 'int flash debug'
compiling demo.c...
linking...
Program Size: Code=128708 RO-data=3568 RW-data=304 ZI-data=320  
FromELF: creating hex file...
"int flash debug\eth_to_serial.axf" - 0 Error(s), 0 Warning(s).
Build Time Elapsed:  00:00:03
</pre>
</body>
</html>
