<html>
<body>
<pre>
<h1>µVision Build Log</h1>
<h2>Tool Versions:</h2>
IDE-Version: µVision V5.16a
Copyright (C) 2015 ARM Ltd and ARM Germany GmbH. All rights reserved.
License Information: Ii Iui, nzrkrr, LIC=7YKHL-0XKYH-SDYK4-FSZQM-6AJNW-ADD2B
 
Tool Versions:
Toolchain:       MDK-ARM Professional  Version: 5.16a
Toolchain Path:  C:\Keil_v5\ARM\ARMCC\Bin
C Compiler:      Armcc.exe V5.06 (build 20)
Assembler:       Armasm.exe V5.06 (build 20)
Linker/Locator:  ArmLink.exe V5.06 (build 20)
Library Manager: ArmAr.exe V5.06 (build 20)
Hex Converter:   FromElf.exe V5.06 (build 20)
CPU DLL:         SARMCM3.DLL V5.16a
Dialog DLL:      DCM.DLL V1.13.2.0
Target DLL:      PEMicro\Pemicro_ArmCortexInterface.dll V1.11
Dialog DLL:      TCM.DLL V1.14.5.0
 
<h2>Project:</h2>
C:\Freescale\Freescale_MQX_4_2\rtcs\examples\0_eth_tcp\build\uv4\eth_to_serial_twrk60n512\eth_to_serial_twrk60n512.uvprojx
Project File Date:  10/06/2016

<h2>Output:</h2>
*** Using Compiler 'V5.06 (build 20)', folder: 'C:\Keil_v5\ARM\ARMCC\Bin'
Build Project 'eth_to_serial_twrk60n512' - Target 'int flash debug'
compiling dsdriver_ver_a.c...
C:\Freescale\Freescale_MQX_4_2\rtcs\examples\0_eth_tcp\dsdriver_ver_a.c(16): warning:  #1295-D: Deprecated declaration Get_temp - give arg types
  void Get_temp();
C:\Freescale\Freescale_MQX_4_2\rtcs\examples\0_eth_tcp\dsdriver_ver_a.c(69): warning:  #177-D: variable "i" was declared but never referenced
  	int i, cnt;
C:\Freescale\Freescale_MQX_4_2\rtcs\examples\0_eth_tcp\dsdriver_ver_a.c(97): warning:  #550-D: variable "res" was set but never used
  	int res, i, cnt;
C:\Freescale\Freescale_MQX_4_2\rtcs\examples\0_eth_tcp\dsdriver_ver_a.c(97): warning:  #177-D: variable "cnt" was declared but never referenced
  	int res, i, cnt;
C:\Freescale\Freescale_MQX_4_2\rtcs\examples\0_eth_tcp\dsdriver_ver_a.c(253): warning:  #550-D: variable "result" was set but never used
  	uint32_t result;
C:\Freescale\Freescale_MQX_4_2\rtcs\examples\0_eth_tcp\dsdriver_ver_a.c(375): warning:  #550-D: variable "pos" was set but never used
  	char sendlen=0, pos, i;
C:\Freescale\Freescale_MQX_4_2\rtcs\examples\0_eth_tcp\dsdriver_ver_a.c(377): warning:  #550-D: variable "result" was set but never used
  	uint32_t result;
C:\Freescale\Freescale_MQX_4_2\rtcs\examples\0_eth_tcp\dsdriver_ver_a.c(434): warning:  #177-D: variable "readbuffer" was declared but never referenced
  	char sendpacket[10],readbuffer[10];
C:\Freescale\Freescale_MQX_4_2\rtcs\examples\0_eth_tcp\dsdriver_ver_a.c(436): warning:  #550-D: variable "result" was set but never used
  	uint32_t result;
C:\Freescale\Freescale_MQX_4_2\rtcs\examples\0_eth_tcp\dsdriver_ver_a.c(525): warning:  #550-D: variable "result" was set but never used
  	uint32_t result;
C:\Freescale\Freescale_MQX_4_2\rtcs\examples\0_eth_tcp\dsdriver_ver_a.c(563): warning:  #177-D: variable "param" was declared but never referenced
  	int param = 9600;
C:\Freescale\Freescale_MQX_4_2\rtcs\examples\0_eth_tcp\dsdriver_ver_a.c(753): warning:  #940-D: missing return statement at end of non-void function "OWSearch"
  }
C:\Freescale\Freescale_MQX_4_2\rtcs\examples\0_eth_tcp\dsdriver_ver_a.c(757): warning:  #177-D: variable "ser_opts" was declared but never referenced
  	uint32_t ser_opts =	 IO_SERIAL_NON_BLOCKING;
C:\Freescale\Freescale_MQX_4_2\rtcs\examples\0_eth_tcp\dsdriver_ver_a.c(759): warning:  #177-D: variable "i" was declared but never referenced
  	uint32_t result, i;
C:\Freescale\Freescale_MQX_4_2\rtcs\examples\0_eth_tcp\dsdriver_ver_a.c(781): warning:  #177-D: variable "ser_opts" was declared but never referenced
  	uint32_t ser_opts =	 IO_SERIAL_NON_BLOCKING;
C:\Freescale\Freescale_MQX_4_2\rtcs\examples\0_eth_tcp\dsdriver_ver_a.c(782): warning:  #177-D: variable "param" was declared but never referenced
  	_mqx_int param = 9600;
..\..\..\dsdriver_ver_a.c: 17 warnings, 0 errors
compiling demo.c...
C:\Freescale\Freescale_MQX_4_2\rtcs\examples\0_eth_tcp\demo.c(53): warning:  #177-D: variable "retval" was declared but never referenced
  	int retval =-1;
C:\Freescale\Freescale_MQX_4_2\rtcs\examples\0_eth_tcp\demo.c(54): warning:  #177-D: variable "addrinfo_result" was declared but never referenced
  	struct addrinfo *addrinfo_result;
C:\Freescale\Freescale_MQX_4_2\rtcs\examples\0_eth_tcp\demo.c(137): warning:  #167-D: argument of type "char *" is incompatible with parameter of type "unsigned char *"
  			int len = MQTTSerialize_connect(buf, buflen, &data); /* 1 */
C:\Freescale\Freescale_MQX_4_2\rtcs\examples\0_eth_tcp\demo.c(140): warning:  #167-D: argument of type "char *" is incompatible with parameter of type "unsigned char *"
  			len += MQTTSerialize_publish(buf + len, buflen - len, 0, 0, 0, 0, topicString, my_data.MSG_STR,strlen(my_data.MSG_STR) ); /* 2 */
C:\Freescale\Freescale_MQX_4_2\rtcs\examples\0_eth_tcp\demo.c(140): warning:  #167-D: argument of type "char *" is incompatible with parameter of type "unsigned char *"
  			len += MQTTSerialize_publish(buf + len, buflen - len, 0, 0, 0, 0, topicString, my_data.MSG_STR,strlen(my_data.MSG_STR) ); /* 2 */
C:\Freescale\Freescale_MQX_4_2\rtcs\examples\0_eth_tcp\demo.c(142): warning:  #167-D: argument of type "char *" is incompatible with parameter of type "unsigned char *"
  			len += MQTTSerialize_disconnect(buf + len, buflen - len); /* 3 */
C:\Freescale\Freescale_MQX_4_2\rtcs\examples\0_eth_tcp\demo.c(125): warning:  #177-D: variable "rc" was declared but never referenced
  			int rc = 0;
C:\Freescale\Freescale_MQX_4_2\rtcs\examples\0_eth_tcp\demo.c(116): warning:  #550-D: variable "error" was set but never used
  	uint32_t error;
C:\Freescale\Freescale_MQX_4_2\rtcs\examples\0_eth_tcp\demo.c(173): warning:  #177-D: variable "rtc_time" was declared but never referenced
  	 uint32_t  rtc_time;
../../../demo.c: 9 warnings, 0 errors
linking...
Program Size: Code=162620 RO-data=8420 RW-data=880 ZI-data=528  
FromELF: creating hex file...
"int flash debug\eth_to_serial.axf" - 0 Error(s), 25 Warning(s).

<h2>Collection of Component include folders:</h2>
  C:\Freescale\Freescale_MQX_4_2\rtcs\examples\0_eth_tcp\build\uv4\eth_to_serial_twrk60n512\RTE
  C:\Keil_v5\ARM\PACK\Keil\Kinetis_K60_DFP\1.4.0\Device\Include

<h2>Collection of Component Files used:</h2>
Build Time Elapsed:  00:00:10
</pre>
</body>
</html>
